0 info it worked if it ends with ok
1 verbose cli [ 'C:\\Program Files\\nodejs\\node.exe',
1 verbose cli   'C:\\Program Files\\nodejs\\node_modules\\npm\\bin\\npm-cli.js',
1 verbose cli   'start' ]
2 info using npm@3.10.10
3 info using node@v6.10.2
4 verbose run-script [ 'prestart', 'start', 'poststart' ]
5 info lifecycle @coreui/angular@1.0.10~prestart: @coreui/angular@1.0.10
6 silly lifecycle @coreui/angular@1.0.10~prestart: no script for prestart, continuing
7 info lifecycle @coreui/angular@1.0.10~start: @coreui/angular@1.0.10
8 verbose lifecycle @coreui/angular@1.0.10~start: unsafe-perm in lifecycle true
9 verbose lifecycle @coreui/angular@1.0.10~start: PATH: C:\Program Files\nodejs\node_modules\npm\bin\node-gyp-bin;D:\AFIFA\AngularProjects\Angular5_CLI_Full_Project\node_modules\.bin;C:\Users\afifa\AppData\Roaming\npm;C:\Program Files\nodejs\;C:\Python27\;C:\Python27\Scripts;C:\Users\reazul.md.haque\AppData\Roaming\npm;C:\Windows\SysWOW64\instantclient_10_2;C:\Windows\SysWOW64\instantclient_12_1;D:\app\client\administrator\product\12.1.0\client_1;D:\app\client\administrator\product\12.1.0\client_1\bin;C:\Windows\system32;C:\Windows;C:\Windows\System32\Wbem;C:\Windows\System32\WindowsPowerShell\v1.0\;C:\Program Files\Microsoft\Web Platform Installer\;C:\Program Files (x86)\Microsoft ASP.NET\ASP.NET Web Pages\v1.0\;C:\Program Files\Microsoft SQL Server\110\Tools\Binn\;C:\Users\reazul.md.haque\Desktop\sonar-scanner-cli-3.0.0.702-windows\sonar-scanner-3.0.0.702-windows\bin;C:\Program Files (x86)\Bitvise SSH Client;C:\Users\reazul.md.haque\AppData\Roaming\npm\node_modules\@angular\cli\bin;C:\Program Files\Git\cmd;C:\Program Files\VisualSVN Server\bin;C:\Program Files\TortoiseSVN\bin;D:\Shain\gradle-4.4\bin;C:\Program Files\grails-1.1.1\bin;C:\Program Files\PuTTY\;C:\Dwimperl\perl\bin;C:\Dwimperl\perl\site\bin;C:\Dwimperl\c\bin;C:\Program Files\Java\jdk1.8.0_77\\bin;C:\Program Files\nodejs\;C:\Program Files\cURL\bin;C:\Program Files\Java\jdk1.8.0_77\bin;C:\Users\afifa\AppData\Roaming\npm
10 verbose lifecycle @coreui/angular@1.0.10~start: CWD: D:\AFIFA\AngularProjects\Angular5_CLI_Full_Project
11 silly lifecycle @coreui/angular@1.0.10~start: Args: [ '/d /s /c', 'ng serve' ]
12 silly lifecycle @coreui/angular@1.0.10~start: Returned: code: 3221225786  signal: null
13 info lifecycle @coreui/angular@1.0.10~start: Failed to exec start script
14 verbose stack Error: @coreui/angular@1.0.10 start: `ng serve`
14 verbose stack Exit status 3221225786
14 verbose stack     at EventEmitter.<anonymous> (C:\Program Files\nodejs\node_modules\npm\lib\utils\lifecycle.js:255:16)
14 verbose stack     at emitTwo (events.js:106:13)
14 verbose stack     at EventEmitter.emit (events.js:191:7)
14 verbose stack     at ChildProcess.<anonymous> (C:\Program Files\nodejs\node_modules\npm\lib\utils\spawn.js:40:14)
14 verbose stack     at emitTwo (events.js:106:13)
14 verbose stack     at ChildProcess.emit (events.js:191:7)
14 verbose stack     at maybeClose (internal/child_process.js:886:16)
14 verbose stack     at Process.ChildProcess._handle.onexit (internal/child_process.js:226:5)
15 verbose pkgid @coreui/angular@1.0.10
16 verbose cwd D:\AFIFA\AngularProjects\Angular5_CLI_Full_Project
17 error Windows_NT 6.3.9600
18 error argv "C:\\Program Files\\nodejs\\node.exe" "C:\\Program Files\\nodejs\\node_modules\\npm\\bin\\npm-cli.js" "start"
19 error node v6.10.2
20 error npm  v3.10.10
21 error code ELIFECYCLE
22 error @coreui/angular@1.0.10 start: `ng serve`
22 error Exit status 3221225786
23 error Failed at the @coreui/angular@1.0.10 start script 'ng serve'.
23 error Make sure you have the latest version of node.js and npm installed.
23 error If you do, this is most likely a problem with the @coreui/angular package,
23 error not with npm itself.
23 error Tell the author that this fails on your system:
23 error     ng serve
23 error You can get information on how to open an issue for this project with:
23 error     npm bugs @coreui/angular
23 error Or if that isn't available, you can get their info via:
23 error     npm owner ls @coreui/angular
23 error There is likely additional logging output above.
24 verbose exit [ 1, true ]
